// Jest Snapshot v1, https://goo.gl/fbAQLP

exports[`Cards component works should render Cards component 1`] = `
<div
  class="cards"
  data-testid="cards"
>
  <div
    class="card"
    data-testid="card"
  >
    <div>
      <h3>
        Luke Skywalker 1
      </h3>
      <p>
        Gender: female
      </p>
    </div>
    <a
      class="button primary"
      href="/1"
    >
      More ...
    </a>
  </div>
  <div
    class="card"
    data-testid="card"
  >
    <div>
      <h3>
        Luke Skywalker2
      </h3>
      <p>
        Gender: male
      </p>
    </div>
    <a
      class="button primary"
      href="/2"
    >
      More ...
    </a>
  </div>
  <div
    class="card"
    data-testid="card"
  >
    <div>
      <h3>
        Luke Skywalker 3
      </h3>
      <p>
        Gender: male
      </p>
    </div>
    <a
      class="button primary"
      href="/3"
    >
      More ...
    </a>
  </div>
</div>
`;
