// Jest Snapshot v1, https://goo.gl/fbAQLP

exports[`Cards component works should render Cards component 1`] = `
<div
  class="wrapper"
  data-testid="cards"
>
  <div
    class="pagination"
    data-testid="pagination"
  >
    <button
      class="button dark"
      type="button"
    >
      Previous
    </button>
    <button
      class="button light"
      type="button"
    >
      1
    </button>
    <button
      class="button light"
      type="button"
    >
      2
    </button>
    <button
      class="button light"
      type="button"
    >
      3
    </button>
    <button
      class="button light"
      type="button"
    >
      4
    </button>
    <button
      class="button light"
      type="button"
    >
      5
    </button>
    <button
      class="button light"
      type="button"
    >
      6
    </button>
    <button
      class="button light"
      type="button"
    >
      7
    </button>
    <button
      class="button light"
      type="button"
    >
      8
    </button>
    <button
      class="button light"
      type="button"
    >
      9
    </button>
    <button
      class="button light"
      type="button"
    >
      Next
    </button>
  </div>
  <div
    class="cards"
  >
    <div
      class="card"
      data-testid="card"
    >
      <ul
        class="list"
      >
        <li>
          <b>
            name
            : 
          </b>
          Luke Skywalker 1
        </li>
        <li>
          <b>
            birth_year
            : 
          </b>
          19BBY
        </li>
        <li>
          <b>
            created
            : 
          </b>
          2014-12-09T13:50:51.644000Z
        </li>
        <li>
          <b>
            edited
            : 
          </b>
          2014-12-20T21:17:56.891000Z
        </li>
        <li>
          <b>
            eye_color
            : 
          </b>
          blue
        </li>
        <li>
          <b>
            films
            : 
          </b>
          https://swapi.dev/api/films/1/
          https://swapi.dev/api/films/2/
          https://swapi.dev/api/films/3/
          https://swapi.dev/api/films/6/
        </li>
        <li>
          <b>
            gender
            : 
          </b>
          female
        </li>
        <li>
          <b>
            hair_color
            : 
          </b>
          blond
        </li>
      </ul>
      <a
        class="button primary"
        href="/1"
      >
        More ...
      </a>
    </div>
    <div
      class="card"
      data-testid="card"
    >
      <ul
        class="list"
      >
        <li>
          <b>
            name
            : 
          </b>
          Luke Skywalker2
        </li>
        <li>
          <b>
            birth_year
            : 
          </b>
          19BBY
        </li>
        <li>
          <b>
            created
            : 
          </b>
          2014-12-09T13:50:51.644000Z
        </li>
        <li>
          <b>
            edited
            : 
          </b>
          2014-12-20T21:17:56.891000Z
        </li>
        <li>
          <b>
            eye_color
            : 
          </b>
          blue
        </li>
        <li>
          <b>
            films
            : 
          </b>
          https://swapi.dev/api/films/1/
          https://swapi.dev/api/films/2/
          https://swapi.dev/api/films/3/
          https://swapi.dev/api/films/6/
        </li>
        <li>
          <b>
            gender
            : 
          </b>
          male
        </li>
        <li>
          <b>
            hair_color
            : 
          </b>
          blond
        </li>
      </ul>
      <a
        class="button primary"
        href="/2"
      >
        More ...
      </a>
    </div>
    <div
      class="card"
      data-testid="card"
    >
      <ul
        class="list"
      >
        <li>
          <b>
            name
            : 
          </b>
          Luke Skywalker 3
        </li>
        <li>
          <b>
            birth_year
            : 
          </b>
          19BBY
        </li>
        <li>
          <b>
            created
            : 
          </b>
          2014-12-09T13:50:51.644000Z
        </li>
        <li>
          <b>
            edited
            : 
          </b>
          2014-12-20T21:17:56.891000Z
        </li>
        <li>
          <b>
            eye_color
            : 
          </b>
          blue
        </li>
        <li>
          <b>
            films
            : 
          </b>
          https://swapi.dev/api/films/1/
          https://swapi.dev/api/films/2/
          https://swapi.dev/api/films/3/
          https://swapi.dev/api/films/6/
        </li>
        <li>
          <b>
            gender
            : 
          </b>
          male
        </li>
        <li>
          <b>
            hair_color
            : 
          </b>
          blond
        </li>
      </ul>
      <a
        class="button primary"
        href="/3"
      >
        More ...
      </a>
    </div>
  </div>
</div>
`;
